/*C21*/SET SCHEMA PUBLIC
CONNECT USER SA
DISCONNECT
/*C22*/SET SCHEMA PUBLIC
CONNECT USER SA
drop table ADMIN_DATA if exists
drop table ALIASES if exists
drop table ANNOTATIONS if exists
drop table AUDIT_RECORD if exists
drop table AUTHORITIES if exists
drop table CHECK_VALUE if exists
drop table CLINICAL_DATA if exists
drop table CLINICAL_DEF if exists
drop table CLINICAL_REF if exists
drop table CODELIST if exists
drop table CODELIST_ITEMS if exists
drop table CONDITIONS_DEF if exists
drop table DB_USERS if exists
drop table DECODE if exists
drop table DESCRIPTION if exists
drop table ERROR_MESSAGES if exists
drop table FORMAL_EXPR if exists
drop table FORMS_DATA if exists
drop table FORMS_DATA_AUDIT if exists
drop table FORMS_DEF if exists
drop table FORMS_REF if exists
drop table ITEMGROUPS_DATA if exists
drop table ITEMGROUPS_DATA_AUDIT if exists
drop table ITEMGROUPS_DEF if exists
drop table ITEMGROUPS_REF if exists
drop table ITEMS_DATA if exists
drop table ITEMS_DATA_AUDIT if exists
drop table ITEMS_DEF if exists
drop table ITEMS_REF if exists
drop table LOCATIONS if exists
drop table MEASUREMENT_UNITS if exists
drop table METADATAVERSIONS if exists
drop table METADATAVERSION_REFS if exists
drop table PROTOCOL if exists
drop table QUESTIONS if exists
drop table RANGE_CHECKS if exists
drop table SIGNATURES if exists
drop table SIGNATURES_DEF if exists
drop table SNT_GRANTS if exists
drop table STUDIES if exists
drop table STUDYEVENTS_DATA if exists
drop table STUDYEVENTS_DATA_AUDIT if exists
drop table STUDYEVENTS_DEF if exists
drop table STUDYEVENTS_REF if exists
drop table STUDY_EVENT_PRED if exists
drop table STUDY_USERS if exists
drop table SUBJECT_DATA if exists
drop table SUBJECT_DATA_AUDIT if exists
drop table SYMBOLS if exists
drop table TRANSLATABLE if exists
drop table TRANSLATED_TEXT if exists
drop table tblCMLNKPtoO if exists
drop table tblTMlnkPtoP if exists
create table ADMIN_DATA (ADMIN_DATA_ID bigint generated by default as identity (start with 1), study_STUDY_ID bigint, primary key (ADMIN_DATA_ID))
create table ALIASES (ALIAS_ID bigint generated by default as identity (start with 1), context varchar(255), name varchar(255), clinicalDef_CLINICAL_DEF_ID bigint, primary key (ALIAS_ID))
create table ANNOTATIONS (ANNOTATION_ID bigint generated by default as identity (start with 1), COMMENT varchar(255), SEQ_NUM bigint, SPONSOR_OR_SITE bigint, clinicalData_CLINICAL_DATA_ID bigint, primary key (ANNOTATION_ID))
create table AUDIT_RECORD (AUDIT_RECORD_ID bigint generated by default as identity (start with 1), dateTimeStamp timestamp, editPoint bigint, newActive bigint, oldActive bigint, operation bigint, reasonForChange varchar(255), sourceId varchar(255), usedImputationMethod bigint, clinicalData_CLINICAL_DATA_ID bigint, locationRef_LOCATION_ID bigint, userRef_USER_ID bigint, primary key (AUDIT_RECORD_ID))
create table AUTHORITIES (AUTHORITY_ID bigint generated by default as identity (start with 1), AUTHORITY varchar(255), user_USER_ID bigint, primary key (AUTHORITY_ID), unique (AUTHORITY_ID))
create table CHECK_VALUE (CHECK_VALUE_ID bigint generated by default as identity (start with 1), value varchar(255), rangeCheck_RANGE_CHECK_ID bigint, primary key (CHECK_VALUE_ID))
create table CLINICAL_DATA (CLINICAL_DATA_ID bigint generated by default as identity (start with 1), active bigint, study_STUDY_ID bigint, primary key (CLINICAL_DATA_ID))
create table CLINICAL_DEF (CLINICAL_DEF_ID bigint generated by default as identity (start with 1), name varchar(255), metadataVersion_METADATAVERSION_ID bigint, primary key (CLINICAL_DEF_ID))
create table CLINICAL_REF (CLINICAL_REF_ID bigint generated by default as identity (start with 1), mandatory bigint, orderNumber bigint, primary key (CLINICAL_REF_ID))
create table CODELIST (dataType bigint, sasFormatName varchar(255), CLINICAL_DEF_ID bigint not null, primary key (CLINICAL_DEF_ID))
create table CODELIST_ITEMS (CODELIST_ITEM_ID bigint generated by default as identity (start with 1), codedValue varchar(255), rank float, codeList_CLINICAL_DEF_ID bigint, primary key (CODELIST_ITEM_ID))
create table CONDITIONS_DEF (CLINICAL_DEF_ID bigint not null, clinicalRef_CLINICAL_REF_ID bigint, primary key (CLINICAL_DEF_ID))
create table DB_USERS (USER_ID bigint generated by default as identity (start with 1), CREATION_DATE timestamp not null, ENABLED bit, firstName varchar(255), lastLoginDate timestamp, lastName varchar(255), USER_NAME varchar(255), PASSWORD varchar(255), signature varchar(255), USER_MAIL varchar(25) not null, primary key (USER_ID), unique (USER_NAME))
create table DECODE (TRANSLATABLE_ID bigint not null, codeListItem_CODELIST_ITEM_ID bigint, primary key (TRANSLATABLE_ID))
create table DESCRIPTION (TRANSLATABLE_ID bigint not null, clinicalDef_CLINICAL_DEF_ID bigint, primary key (TRANSLATABLE_ID))
create table ERROR_MESSAGES (TRANSLATABLE_ID bigint not null, rangeCheck_RANGE_CHECK_ID bigint, primary key (TRANSLATABLE_ID))
create table FORMAL_EXPR (FORMAL_EXPR_ID bigint generated by default as identity (start with 1), context varchar(255), formalExpression varchar(255), conditionDef_CLINICAL_DEF_ID bigint, rangeCheck_RANGE_CHECK_ID bigint, primary key (FORMAL_EXPR_ID))
create table FORMS_DATA (FORM_REPEATKEY varchar(255), STATUS bigint, statusDate timestamp, CLINICAL_DATA_ID bigint not null, formDef_CLINICAL_DEF_ID bigint, studyEventData_CLINICAL_DATA_ID bigint, primary key (CLINICAL_DATA_ID))
create table FORMS_DATA_AUDIT (NEW_FORM_REPEATKEY varchar(255), NEW_STATUS bigint, OLD_FORM_REPEATKEY varchar(255), OLD_STATUS bigint, AUDIT_RECORD_ID bigint not null, primary key (AUDIT_RECORD_ID))
create table FORMS_DEF (repeating bigint, CLINICAL_DEF_ID bigint not null, primary key (CLINICAL_DEF_ID))
create table FORMS_REF (CLINICAL_REF_ID bigint not null, formDef_CLINICAL_DEF_ID bigint, studyEventDef_CLINICAL_DEF_ID bigint, primary key (CLINICAL_REF_ID))
create table ITEMGROUPS_DATA (itemGroupRepeatKey varchar(255), STATUS bigint, statusDate timestamp, CLINICAL_DATA_ID bigint not null, formData_CLINICAL_DATA_ID bigint, itemGroupDef_CLINICAL_DEF_ID bigint, primary key (CLINICAL_DATA_ID))
create table ITEMGROUPS_DATA_AUDIT (NEW_ITEMGROUP_REPEATKEY varchar(255), NEW_STATUS bigint, OLD_ITEMGROUP_REPEATKEY varchar(255), OLD_STATUS bigint, AUDIT_RECORD_ID bigint not null, primary key (AUDIT_RECORD_ID))
create table ITEMGROUPS_DEF (comment varchar(255), domain varchar(255), origin varchar(255), purpose varchar(255), referenceData bigint, repeating bigint, SAS_DATASET_NAME varchar(255), CLINICAL_DEF_ID bigint not null, primary key (CLINICAL_DEF_ID))
create table ITEMGROUPS_REF (CLINICAL_REF_ID bigint not null, formDef_CLINICAL_DEF_ID bigint, itemGroupDef_CLINICAL_DEF_ID bigint, primary key (CLINICAL_REF_ID))
create table ITEMS_DATA (codeListValue varchar(255), IS_NULL bigint, STATUS bigint, statusDate timestamp, value varchar(255), CLINICAL_DATA_ID bigint not null, itemDef_CLINICAL_DEF_ID bigint, itemGroupData_CLINICAL_DATA_ID bigint, primary key (CLINICAL_DATA_ID))
create table ITEMS_DATA_AUDIT (NEW_CODELIST_VALUE varchar(255), NEW_ISNULL bigint, NEW_STATUS bigint, NEW_VALUE varchar(255), OLD_CODELIST_VALUE varchar(255), OLD_ISNULL bigint, OLD_STATUS bigint, OLD_VALUE varchar(255), AUDIT_RECORD_ID bigint not null, primary key (AUDIT_RECORD_ID))
create table ITEMS_DEF (comment varchar(255), dataType bigint, length bigint, origin varchar(255), sasFieldName varchar(255), sdsVarName varchar(255), significantDigits bigint, CLINICAL_DEF_ID bigint not null, codeList_CLINICAL_DEF_ID bigint, primary key (CLINICAL_DEF_ID))
create table ITEMS_REF (keySequence bigint, role varchar(255), CLINICAL_REF_ID bigint not null, itemDef_CLINICAL_DEF_ID bigint, itemGroupDef_CLINICAL_DEF_ID bigint, roleCodeList_CLINICAL_DEF_ID bigint, primary key (CLINICAL_REF_ID))
create table LOCATIONS (LOCATION_ID bigint generated by default as identity (start with 1), locationType bigint, name varchar(255), shortName varchar(255), primary key (LOCATION_ID))
create table MEASUREMENT_UNITS (MEASUREMENT_UNIT_ID bigint generated by default as identity (start with 1), name varchar(255), itemDef_CLINICAL_DEF_ID bigint, rangeCheck_RANGE_CHECK_ID bigint, primary key (MEASUREMENT_UNIT_ID))
create table METADATAVERSIONS (METADATAVERSION_ID bigint generated by default as identity (start with 1), name varchar(255), version bigint, study_STUDY_ID bigint, primary key (METADATAVERSION_ID))
create table METADATAVERSION_REFS (METADATAVERSIONREF_ID bigint generated by default as identity (start with 1), effectiveDate date, location_ADMIN_DATA_ID bigint, metadataVersion_METADATAVERSION_ID bigint, primary key (METADATAVERSIONREF_ID))
create table PROTOCOL (CLINICAL_DEF_ID bigint not null, metadataVersion_METADATAVERSION_ID bigint, primary key (CLINICAL_DEF_ID))
create table QUESTIONS (TRANSLATABLE_ID bigint not null, itemDef_CLINICAL_DEF_ID bigint, primary key (TRANSLATABLE_ID))
create table RANGE_CHECKS (RANGE_CHECK_ID bigint generated by default as identity (start with 1), comparator bigint, softHard bigint, itemDef_CLINICAL_DEF_ID bigint, primary key (RANGE_CHECK_ID))
create table SIGNATURES (SIGNATURE_ID bigint generated by default as identity (start with 1), dateTimeStamp date, status bigint, clinicalData_CLINICAL_DATA_ID bigint, locationRef_LOCATION_ID bigint, signatureDef_ADMIN_DATA_ID bigint, userRef_USER_ID bigint, primary key (SIGNATURE_ID))
create table SIGNATURES_DEF (LEGAL_REASON varchar(255), MEANING varchar(255), METHODOLOGY bigint, ADMIN_DATA_ID bigint not null, primary key (ADMIN_DATA_ID))
create table SNT_GRANTS (GRANT_ID bigint generated by default as identity (start with 1), value bigint, proper_PROPER_ID bigint, primary key (GRANT_ID))
create table STUDIES (STUDY_ID bigint generated by default as identity (start with 1), studyDescription varchar(255), STUDYEVENT_UNIT bigint, studyName varchar(255), studyStartDate date, primary key (STUDY_ID))
create table STUDYEVENTS_DATA (effectiveDate date, STUDYEVENT_REPEATKEY varchar(255), CLINICAL_DATA_ID bigint not null, studyEventDef_CLINICAL_DEF_ID bigint, subjectData_CLINICAL_DATA_ID bigint, primary key (CLINICAL_DATA_ID))
create table STUDYEVENTS_DATA_AUDIT (NEW_EFFECTIVE_DATE date, NEW_STUDYEVENT_REPEATKEY varchar(255), OLD_EFFECTIVE_DATE date, OLD_STUDYEVENT_REPEATKEY varchar(255), AUDIT_RECORD_ID bigint not null, primary key (AUDIT_RECORD_ID))
create table STUDYEVENTS_DEF (category varchar(255), repeating bigint, type bigint, CLINICAL_DEF_ID bigint not null, primary key (CLINICAL_DEF_ID))
create table STUDYEVENTS_REF (GAP_WITH_PREV bigint, MAX_TOL bigint, MIN_TOL bigint, CLINICAL_REF_ID bigint not null, protocol_CLINICAL_DEF_ID bigint, studyEventDef_CLINICAL_DEF_ID bigint, primary key (CLINICAL_REF_ID))
create table STUDY_EVENT_PRED (STUDY_EVENT_PRED_ID bigint generated by default as identity (start with 1), predecessorId bigint, studyEventRef_CLINICAL_REF_ID bigint, primary key (STUDY_EVENT_PRED_ID))
create table STUDY_USERS (ADMIN_DATA_ID bigint not null, user_USER_ID bigint, primary key (ADMIN_DATA_ID))
create table SUBJECT_DATA (status bigint, statusDate timestamp, SUBJECT_KEY varchar(255), CLINICAL_DATA_ID bigint not null, investigatorRef_USER_ID bigint, siteRef_LOCATION_ID bigint, primary key (CLINICAL_DATA_ID))
create table SUBJECT_DATA_AUDIT (NEW_INVESTIGATOR_ID bigint, NEW_SITE_REF_ID bigint, NEW_STATUS bigint, NEW_KEY varchar(255), OLD_INVESTIGATOR_ID bigint, OLD_SITE_REF_ID bigint, OLD_STATUS bigint, OLD_KEY varchar(255), AUDIT_RECORD_ID bigint not null, primary key (AUDIT_RECORD_ID))
create table SYMBOLS (TRANSLATABLE_ID bigint not null, measurementUnit_MEASUREMENT_UNIT_ID bigint, primary key (TRANSLATABLE_ID))
create table TRANSLATABLE (TRANSLATABLE_ID bigint generated by default as identity (start with 1), primary key (TRANSLATABLE_ID))
create table TRANSLATED_TEXT (TRANSLATEED_TEXT_ID bigint generated by default as identity (start with 1), languageTag varchar(255), translatedText varchar(255), decodable_TRANSLATABLE_ID bigint, primary key (TRANSLATEED_TEXT_ID))
create table tblCMLNKPtoO (ADMIN_DATA_ID bigint not null, location_LOCATION_ID bigint, primary key (ADMIN_DATA_ID))
create table tblTMlnkPtoP (PROPER_ID bigint generated by default as identity (start with 1), studyLocation_ADMIN_DATA_ID bigint, studyUser_ADMIN_DATA_ID bigint, primary key (PROPER_ID))
alter table ADMIN_DATA add constraint FK47A93ABAEB6DFD1F foreign key (study_STUDY_ID) references STUDIES
alter table ALIASES add constraint FKF448DADE4251715 foreign key (clinicalDef_CLINICAL_DEF_ID) references CLINICAL_DEF
alter table ANNOTATIONS add constraint FK47010F0419D08F94 foreign key (clinicalData_CLINICAL_DATA_ID) references CLINICAL_DATA
alter table AUDIT_RECORD add constraint FKD63C21556E568292 foreign key (userRef_USER_ID) references DB_USERS
alter table AUDIT_RECORD add constraint FKD63C21556CACFEEA foreign key (locationRef_LOCATION_ID) references LOCATIONS
alter table AUDIT_RECORD add constraint FKD63C215519D08F94 foreign key (clinicalData_CLINICAL_DATA_ID) references CLINICAL_DATA
alter table AUTHORITIES add constraint FKAB62A7016BEAA675 foreign key (user_USER_ID) references DB_USERS
alter table CHECK_VALUE add constraint FKF94D9B3AC1880A24 foreign key (rangeCheck_RANGE_CHECK_ID) references RANGE_CHECKS
alter table CLINICAL_DATA add constraint FK5919D56EB6DFD1F foreign key (study_STUDY_ID) references STUDIES
alter table CLINICAL_DEF add constraint FKF7EBECB9E5EA61BF foreign key (metadataVersion_METADATAVERSION_ID) references METADATAVERSIONS
alter table CODELIST add constraint FKFAF4900BE26AE542 foreign key (CLINICAL_DEF_ID) references CLINICAL_DEF
alter table CODELIST_ITEMS add constraint FK61756E6C7789A589 foreign key (codeList_CLINICAL_DEF_ID) references CODELIST
alter table CONDITIONS_DEF add constraint FK67DA3DDEE26AE542 foreign key (CLINICAL_DEF_ID) references CLINICAL_DEF
alter table CONDITIONS_DEF add constraint FK67DA3DDE5B5A7CE3 foreign key (clinicalRef_CLINICAL_REF_ID) references CLINICAL_REF
alter table DECODE add constraint FK77F585EE5F8C92C3 foreign key (codeListItem_CODELIST_ITEM_ID) references CODELIST_ITEMS
alter table DECODE add constraint FK77F585EE92C076EB foreign key (TRANSLATABLE_ID) references TRANSLATABLE
alter table DESCRIPTION add constraint FK198917DC4251715 foreign key (clinicalDef_CLINICAL_DEF_ID) references CLINICAL_DEF
alter table DESCRIPTION add constraint FK198917DC92C076EB foreign key (TRANSLATABLE_ID) references TRANSLATABLE
alter table ERROR_MESSAGES add constraint FK83FEDC392C076EB foreign key (TRANSLATABLE_ID) references TRANSLATABLE
alter table ERROR_MESSAGES add constraint FK83FEDC3C1880A24 foreign key (rangeCheck_RANGE_CHECK_ID) references RANGE_CHECKS
alter table FORMAL_EXPR add constraint FKCB599C4541D04C7 foreign key (conditionDef_CLINICAL_DEF_ID) references CONDITIONS_DEF
alter table FORMAL_EXPR add constraint FKCB599C45C1880A24 foreign key (rangeCheck_RANGE_CHECK_ID) references RANGE_CHECKS
alter table FORMS_DATA add constraint FK4F903DDABB9359F3 foreign key (formDef_CLINICAL_DEF_ID) references FORMS_DEF
alter table FORMS_DATA add constraint FK4F903DDA64E460D2 foreign key (CLINICAL_DATA_ID) references CLINICAL_DATA
alter table FORMS_DATA add constraint FK4F903DDAB514C6F4 foreign key (studyEventData_CLINICAL_DATA_ID) references STUDYEVENTS_DATA
alter table FORMS_DATA_AUDIT add constraint FKF194F91676C4FB80 foreign key (AUDIT_RECORD_ID) references AUDIT_RECORD
alter table FORMS_DEF add constraint FK13152BB5E26AE542 foreign key (CLINICAL_DEF_ID) references CLINICAL_DEF
alter table FORMS_REF add constraint FK13156043BB9359F3 foreign key (formDef_CLINICAL_DEF_ID) references FORMS_DEF
alter table FORMS_REF add constraint FK13156043FA4EF282 foreign key (CLINICAL_REF_ID) references CLINICAL_REF
alter table FORMS_REF add constraint FK1315604321CF7F39 foreign key (studyEventDef_CLINICAL_DEF_ID) references STUDYEVENTS_DEF
alter table ITEMGROUPS_DATA add constraint FK3ADC4A4264E460D2 foreign key (CLINICAL_DATA_ID) references CLINICAL_DATA
alter table ITEMGROUPS_DATA add constraint FK3ADC4A429D8F3345 foreign key (itemGroupDef_CLINICAL_DEF_ID) references ITEMGROUPS_DEF
alter table ITEMGROUPS_DATA add constraint FK3ADC4A4283EB8834 foreign key (formData_CLINICAL_DATA_ID) references FORMS_DATA
alter table ITEMGROUPS_DATA_AUDIT add constraint FK7C30177E76C4FB80 foreign key (AUDIT_RECORD_ID) references AUDIT_RECORD
alter table ITEMGROUPS_DEF add constraint FKF161F24DE26AE542 foreign key (CLINICAL_DEF_ID) references CLINICAL_DEF
alter table ITEMGROUPS_REF add constraint FKF16226DBBB9359F3 foreign key (formDef_CLINICAL_DEF_ID) references FORMS_DEF
alter table ITEMGROUPS_REF add constraint FKF16226DBFA4EF282 foreign key (CLINICAL_REF_ID) references CLINICAL_REF
alter table ITEMGROUPS_REF add constraint FKF16226DB9D8F3345 foreign key (itemGroupDef_CLINICAL_DEF_ID) references ITEMGROUPS_DEF
alter table ITEMS_DATA add constraint FKCB5374E97D690D12 foreign key (itemGroupData_CLINICAL_DATA_ID) references ITEMGROUPS_DATA
alter table ITEMS_DATA add constraint FKCB5374E964E460D2 foreign key (CLINICAL_DATA_ID) references CLINICAL_DATA
alter table ITEMS_DATA add constraint FKCB5374E93D840E95 foreign key (itemDef_CLINICAL_DEF_ID) references ITEMS_DEF
alter table ITEMS_DATA_AUDIT add constraint FKDF5068E576C4FB80 foreign key (AUDIT_RECORD_ID) references AUDIT_RECORD
alter table ITEMS_DEF add constraint FK279756C6E26AE542 foreign key (CLINICAL_DEF_ID) references CLINICAL_DEF
alter table ITEMS_DEF add constraint FK279756C67789A589 foreign key (codeList_CLINICAL_DEF_ID) references CODELIST
alter table ITEMS_REF add constraint FK27978B547D82A3FF foreign key (roleCodeList_CLINICAL_DEF_ID) references CODELIST
alter table ITEMS_REF add constraint FK27978B54FA4EF282 foreign key (CLINICAL_REF_ID) references CLINICAL_REF
alter table ITEMS_REF add constraint FK27978B549D8F3345 foreign key (itemGroupDef_CLINICAL_DEF_ID) references ITEMGROUPS_DEF
alter table ITEMS_REF add constraint FK27978B543D840E95 foreign key (itemDef_CLINICAL_DEF_ID) references ITEMS_DEF
alter table MEASUREMENT_UNITS add constraint FKFEB20CEC3D840E95 foreign key (itemDef_CLINICAL_DEF_ID) references ITEMS_DEF
alter table MEASUREMENT_UNITS add constraint FKFEB20CECC1880A24 foreign key (rangeCheck_RANGE_CHECK_ID) references RANGE_CHECKS
alter table METADATAVERSIONS add constraint FK1C1D3ACAEB6DFD1F foreign key (study_STUDY_ID) references STUDIES
alter table METADATAVERSION_REFS add constraint FK2DE32164484D5C3 foreign key (location_ADMIN_DATA_ID) references tblCMLNKPtoO
alter table METADATAVERSION_REFS add constraint FK2DE3216E5EA61BF foreign key (metadataVersion_METADATAVERSION_ID) references METADATAVERSIONS
alter table PROTOCOL add constraint FKF3B07E98E26AE542 foreign key (CLINICAL_DEF_ID) references CLINICAL_DEF
alter table PROTOCOL add constraint FKF3B07E98E5EA61BF foreign key (metadataVersion_METADATAVERSION_ID) references METADATAVERSIONS
alter table QUESTIONS add constraint FK3BDD512D3D840E95 foreign key (itemDef_CLINICAL_DEF_ID) references ITEMS_DEF
alter table QUESTIONS add constraint FK3BDD512D92C076EB foreign key (TRANSLATABLE_ID) references TRANSLATABLE
alter table RANGE_CHECKS add constraint FKE9E061CD3D840E95 foreign key (itemDef_CLINICAL_DEF_ID) references ITEMS_DEF
alter table SIGNATURES add constraint FKDC9F6ABB6E568292 foreign key (userRef_USER_ID) references DB_USERS
alter table SIGNATURES add constraint FKDC9F6ABB6CACFEEA foreign key (locationRef_LOCATION_ID) references LOCATIONS
alter table SIGNATURES add constraint FKDC9F6ABB5096276C foreign key (signatureDef_ADMIN_DATA_ID) references SIGNATURES_DEF
alter table SIGNATURES add constraint FKDC9F6ABB19D08F94 foreign key (clinicalData_CLINICAL_DATA_ID) references CLINICAL_DATA
alter table SIGNATURES_DEF add constraint FK5551CC6121C07348 foreign key (ADMIN_DATA_ID) references ADMIN_DATA
alter table SNT_GRANTS add constraint FK95C68C7D70C996DA foreign key (proper_PROPER_ID) references tblTMlnkPtoP
alter table STUDYEVENTS_DATA add constraint FK626409C764E460D2 foreign key (CLINICAL_DATA_ID) references CLINICAL_DATA
alter table STUDYEVENTS_DATA add constraint FK626409C76DC8F0F2 foreign key (subjectData_CLINICAL_DATA_ID) references SUBJECT_DATA
alter table STUDYEVENTS_DATA add constraint FK626409C721CF7F39 foreign key (studyEventDef_CLINICAL_DEF_ID) references STUDYEVENTS_DEF
alter table STUDYEVENTS_DATA_AUDIT add constraint FKE4495F4376C4FB80 foreign key (AUDIT_RECORD_ID) references AUDIT_RECORD
alter table STUDYEVENTS_DEF add constraint FK97D1AE28E26AE542 foreign key (CLINICAL_DEF_ID) references CLINICAL_DEF
alter table STUDYEVENTS_REF add constraint FK97D1E2B6ED035483 foreign key (protocol_CLINICAL_DEF_ID) references PROTOCOL
alter table STUDYEVENTS_REF add constraint FK97D1E2B6FA4EF282 foreign key (CLINICAL_REF_ID) references CLINICAL_REF
alter table STUDYEVENTS_REF add constraint FK97D1E2B621CF7F39 foreign key (studyEventDef_CLINICAL_DEF_ID) references STUDYEVENTS_DEF
alter table STUDY_EVENT_PRED add constraint FK3EB3A11C7904E507 foreign key (studyEventRef_CLINICAL_REF_ID) references STUDYEVENTS_REF
alter table STUDY_USERS add constraint FK4BC36BD221C07348 foreign key (ADMIN_DATA_ID) references ADMIN_DATA
alter table STUDY_USERS add constraint FK4BC36BD26BEAA675 foreign key (user_USER_ID) references DB_USERS
alter table SUBJECT_DATA add constraint FK31E386FD5657BBF4 foreign key (investigatorRef_USER_ID) references DB_USERS
alter table SUBJECT_DATA add constraint FK31E386FD64E460D2 foreign key (CLINICAL_DATA_ID) references CLINICAL_DATA
alter table SUBJECT_DATA add constraint FK31E386FDFFD16918 foreign key (siteRef_LOCATION_ID) references LOCATIONS
alter table SUBJECT_DATA_AUDIT add constraint FK6C079BF976C4FB80 foreign key (AUDIT_RECORD_ID) references AUDIT_RECORD
alter table SYMBOLS add constraint FKC2E0C9BB7892FA3 foreign key (measurementUnit_MEASUREMENT_UNIT_ID) references MEASUREMENT_UNITS
alter table SYMBOLS add constraint FKC2E0C9BB92C076EB foreign key (TRANSLATABLE_ID) references TRANSLATABLE
alter table TRANSLATED_TEXT add constraint FKFF1E66F68862F5DD foreign key (decodable_TRANSLATABLE_ID) references TRANSLATABLE
alter table tblCMLNKPtoO add constraint FKD5653BC521C07348 foreign key (ADMIN_DATA_ID) references ADMIN_DATA
alter table tblCMLNKPtoO add constraint FKD5653BC53EFEE361 foreign key (location_LOCATION_ID) references LOCATIONS
alter table tblTMlnkPtoP add constraint FK831606F74E02F8F8 foreign key (studyUser_ADMIN_DATA_ID) references STUDY_USERS
alter table tblTMlnkPtoP add constraint FK831606F7C68976CC foreign key (studyLocation_ADMIN_DATA_ID) references tblCMLNKPtoO
DISCONNECT
/*C23*/SET SCHEMA PUBLIC
CONNECT USER SA
SET AUTOCOMMIT FALSE
INSERT INTO DB_USERS VALUES(1,'2013-08-16 12:10:09.470000000',TRUE,NULL,NULL,NULL,'francesco','0a9743b2ca685b0eb309a1def141441942884a0c',NULL,'t@t.be')
INSERT INTO AUTHORITIES VALUES(1,'ROLE_USER',1)
INSERT INTO AUTHORITIES VALUES(2,'ROLE_USER',1)
DELETE FROM DB_USERS WHERE USER_ID=1
INSERT INTO DB_USERS VALUES(1,'2013-08-16 12:10:09.470000000',TRUE,NULL,NULL,NULL,'francesco','fff33c3fd99f53ccd485e6d5b6ed3d8f1e9d3581','08506e4a6869a4aa1b701f3961c176c250ade20c','t@t.be')
DELETE FROM AUTHORITIES WHERE AUTHORITY_ID=1
COMMIT
SET AUTOCOMMIT TRUE
DISCONNECT
/*C24*/SET SCHEMA PUBLIC
CONNECT USER SA
SET AUTOCOMMIT FALSE
INSERT INTO TRANSLATABLE VALUES(1)
INSERT INTO DESCRIPTION VALUES(1,NULL)
INSERT INTO TRANSLATED_TEXT VALUES(1,'en-GB','amendment0',NULL)
INSERT INTO STUDIES VALUES(1,'A phase III, open, randomized Trial',NULL,'Demo-GHC','2013-08-16')
INSERT INTO METADATAVERSIONS VALUES(1,'amendment',0,1)
INSERT INTO CLINICAL_DEF VALUES(1,'amendment',1)
INSERT INTO PROTOCOL VALUES(1,1)
INSERT INTO TRANSLATABLE VALUES(2)
INSERT INTO DESCRIPTION VALUES(2,NULL)
INSERT INTO TRANSLATED_TEXT VALUES(2,'en-GB','amendment0',NULL)
INSERT INTO STUDIES VALUES(2,'A demo study',NULL,'Demo-2','2013-08-16')
INSERT INTO METADATAVERSIONS VALUES(2,'amendment',0,2)
INSERT INTO CLINICAL_DEF VALUES(2,'amendment',2)
INSERT INTO PROTOCOL VALUES(2,2)
INSERT INTO LOCATIONS VALUES(1,4,'SDLG',NULL)
INSERT INTO LOCATIONS VALUES(2,2,'CHR Val de Sambre',NULL)
INSERT INTO DB_USERS VALUES(2,'2013-08-16 12:10:09.692000000',TRUE,NULL,NULL,NULL,'jyce','813bd3c0ece48eb60322773137b8aef754beffd5',NULL,'t@t.com')
INSERT INTO AUTHORITIES VALUES(3,'ROLE_USER',2)
INSERT INTO DB_USERS VALUES(3,'2013-08-16 12:10:09.696000000',TRUE,NULL,NULL,NULL,'dr_strangelove','813bd3c0ece48eb60322773137b8aef754beffd5',NULL,'t@t.com')
INSERT INTO AUTHORITIES VALUES(4,'ROLE_USER',3)
INSERT INTO ADMIN_DATA VALUES(1,1)
INSERT INTO SIGNATURES_DEF VALUES('I certified this patient data correct as the best of my knowledge!','patient-signature',2,1)
DELETE FROM DESCRIPTION WHERE TRANSLATABLE_ID=1
INSERT INTO DESCRIPTION VALUES(1,1)
DELETE FROM DESCRIPTION WHERE TRANSLATABLE_ID=2
INSERT INTO DESCRIPTION VALUES(2,2)
INSERT INTO ADMIN_DATA VALUES(2,1)
INSERT INTO STUDY_USERS VALUES(2,2)
INSERT INTO ADMIN_DATA VALUES(3,1)
INSERT INTO TBLCMLNKPTOO VALUES(3,1)
INSERT INTO METADATAVERSION_REFS VALUES(1,'2013-08-16',3,1)
INSERT INTO TBLTMLNKPTOP VALUES(1,3,2)
INSERT INTO SNT_GRANTS VALUES(1,2,1)
INSERT INTO SNT_GRANTS VALUES(2,1,1)
INSERT INTO ADMIN_DATA VALUES(4,2)
INSERT INTO STUDY_USERS VALUES(4,2)
INSERT INTO ADMIN_DATA VALUES(5,2)
INSERT INTO TBLCMLNKPTOO VALUES(5,2)
INSERT INTO METADATAVERSION_REFS VALUES(2,'2013-08-16',5,2)
INSERT INTO TBLTMLNKPTOP VALUES(2,5,4)
DELETE FROM SNT_GRANTS WHERE GRANT_ID=1
INSERT INTO SNT_GRANTS VALUES(1,2,2)
DELETE FROM SNT_GRANTS WHERE GRANT_ID=2
INSERT INTO SNT_GRANTS VALUES(2,1,2)
INSERT INTO ADMIN_DATA VALUES(6,1)
INSERT INTO STUDY_USERS VALUES(6,3)
INSERT INTO ADMIN_DATA VALUES(7,1)
INSERT INTO TBLCMLNKPTOO VALUES(7,2)
INSERT INTO METADATAVERSION_REFS VALUES(3,'2013-08-16',7,1)
INSERT INTO TBLTMLNKPTOP VALUES(3,7,6)
INSERT INTO TRANSLATABLE VALUES(3)
INSERT INTO DESCRIPTION VALUES(3,NULL)
INSERT INTO TRANSLATED_TEXT VALUES(3,'en-GB','screening subject',NULL)
INSERT INTO CLINICAL_DEF VALUES(3,'Screening Visit',1)
INSERT INTO STUDYEVENTS_DEF VALUES('screening',0,1,3)
INSERT INTO CLINICAL_REF VALUES(1,1,NULL)
INSERT INTO STUDYEVENTS_REF VALUES(0,0,0,1,1,3)
INSERT INTO TRANSLATABLE VALUES(4)
INSERT INTO DESCRIPTION VALUES(4,NULL)
INSERT INTO TRANSLATED_TEXT VALUES(4,'en-GB','get inform consent and enroll subject',NULL)
INSERT INTO CLINICAL_DEF VALUES(4,'Enrollment Visit',1)
INSERT INTO STUDYEVENTS_DEF VALUES('pre-treatment',0,1,4)
INSERT INTO CLINICAL_REF VALUES(2,1,NULL)
INSERT INTO STUDYEVENTS_REF VALUES(3,7,0,2,1,4)
INSERT INTO STUDY_EVENT_PRED VALUES(1,1,NULL)
INSERT INTO TRANSLATABLE VALUES(5)
INSERT INTO DESCRIPTION VALUES(5,NULL)
INSERT INTO TRANSLATED_TEXT VALUES(5,'en-GB','Treatment allocation Dose 1',NULL)
INSERT INTO CLINICAL_DEF VALUES(5,'Treatment allocation',1)
INSERT INTO STUDYEVENTS_DEF VALUES('treatment',0,1,5)
INSERT INTO CLINICAL_REF VALUES(3,1,NULL)
INSERT INTO STUDYEVENTS_REF VALUES(3,4,2,3,1,5)
INSERT INTO STUDY_EVENT_PRED VALUES(2,2,NULL)
INSERT INTO TRANSLATABLE VALUES(6)
INSERT INTO DESCRIPTION VALUES(6,NULL)
INSERT INTO TRANSLATED_TEXT VALUES(6,'en-GB','contact phone with subject after Dose 1',NULL)
INSERT INTO CLINICAL_DEF VALUES(6,'Contact phone',1)
INSERT INTO STUDYEVENTS_DEF VALUES('post-treatment',0,1,6)
INSERT INTO CLINICAL_REF VALUES(4,0,NULL)
INSERT INTO STUDYEVENTS_REF VALUES(3,14,0,4,1,6)
INSERT INTO STUDY_EVENT_PRED VALUES(3,3,NULL)
INSERT INTO TRANSLATABLE VALUES(7)
INSERT INTO DESCRIPTION VALUES(7,NULL)
INSERT INTO TRANSLATED_TEXT VALUES(7,'en-GB','Follow up visit week 1',NULL)
INSERT INTO CLINICAL_DEF VALUES(7,'Follow up 1 week',1)
INSERT INTO STUDYEVENTS_DEF VALUES('follow-up',0,1,7)
INSERT INTO CLINICAL_REF VALUES(5,1,NULL)
INSERT INTO STUDYEVENTS_REF VALUES(5,7,2,5,1,7)
INSERT INTO STUDY_EVENT_PRED VALUES(4,3,NULL)
INSERT INTO TRANSLATABLE VALUES(8)
INSERT INTO DESCRIPTION VALUES(8,NULL)
INSERT INTO TRANSLATED_TEXT VALUES(8,'en-GB','Treatment allocation Dose 2',NULL)
INSERT INTO CLINICAL_DEF VALUES(8,'Treatment allocation',1)
INSERT INTO STUDYEVENTS_DEF VALUES('treatment',0,1,8)
INSERT INTO CLINICAL_REF VALUES(6,1,NULL)
INSERT INTO STUDYEVENTS_REF VALUES(3,5,0,6,1,8)
INSERT INTO STUDY_EVENT_PRED VALUES(5,4,NULL)
INSERT INTO STUDY_EVENT_PRED VALUES(6,5,NULL)
INSERT INTO TRANSLATABLE VALUES(9)
INSERT INTO DESCRIPTION VALUES(9,NULL)
INSERT INTO TRANSLATED_TEXT VALUES(9,'en-GB','Follow up visit after 1 month',NULL)
INSERT INTO CLINICAL_DEF VALUES(9,'Follow up visit 1 month',1)
INSERT INTO STUDYEVENTS_DEF VALUES('follow-up',0,1,9)
INSERT INTO CLINICAL_REF VALUES(7,1,NULL)
INSERT INTO STUDYEVENTS_REF VALUES(30,35,25,7,1,9)
INSERT INTO STUDY_EVENT_PRED VALUES(7,6,NULL)
INSERT INTO TRANSLATABLE VALUES(10)
INSERT INTO DESCRIPTION VALUES(10,NULL)
INSERT INTO TRANSLATED_TEXT VALUES(10,'en-GB','Demographic form',NULL)
INSERT INTO CLINICAL_DEF VALUES(10,'Demog',1)
INSERT INTO FORMS_DEF VALUES(2,10)
INSERT INTO CLINICAL_REF VALUES(8,1,1)
INSERT INTO FORMS_REF VALUES(8,10,3)
INSERT INTO TRANSLATABLE VALUES(11)
INSERT INTO DESCRIPTION VALUES(11,NULL)
INSERT INTO TRANSLATED_TEXT VALUES(11,'en-GB','The subject must understand the goal and risk',NULL)
INSERT INTO CLINICAL_DEF VALUES(11,'Inform consent',1)
INSERT INTO FORMS_DEF VALUES(2,11)
INSERT INTO CLINICAL_REF VALUES(9,1,1)
INSERT INTO FORMS_REF VALUES(9,11,4)
INSERT INTO TRANSLATABLE VALUES(12)
INSERT INTO DESCRIPTION VALUES(12,NULL)
INSERT INTO TRANSLATED_TEXT VALUES(12,'en-GB','Inform Consent',NULL)
INSERT INTO CLINICAL_DEF VALUES(12,'IC',1)
INSERT INTO ITEMGROUPS_DEF VALUES('no-comment','IC','CRF','Test',NULL,2,'IC',12)
INSERT INTO CLINICAL_REF VALUES(10,1,1)
INSERT INTO ITEMGROUPS_REF VALUES(10,11,12)
INSERT INTO TRANSLATABLE VALUES(13)
INSERT INTO DESCRIPTION VALUES(13,NULL)
INSERT INTO TRANSLATED_TEXT VALUES(13,'en-GB','Demography',NULL)
INSERT INTO CLINICAL_DEF VALUES(13,'Demog',1)
INSERT INTO ITEMGROUPS_DEF VALUES('no-comment','DEM','CRF','Test',NULL,2,'DEMOG',13)
INSERT INTO CLINICAL_REF VALUES(11,1,1)
INSERT INTO ITEMGROUPS_REF VALUES(11,10,13)
INSERT INTO TRANSLATABLE VALUES(14)
INSERT INTO DESCRIPTION VALUES(14,NULL)
INSERT INTO TRANSLATED_TEXT VALUES(14,'en-GB','Country Code List',NULL)
INSERT INTO CLINICAL_DEF VALUES(14,'Country',1)
INSERT INTO CODELIST VALUES(1,'COUNTRY',14)
INSERT INTO TRANSLATABLE VALUES(15)
INSERT INTO DECODE VALUES(15,NULL)
INSERT INTO TRANSLATED_TEXT VALUES(15,'en-GB','United Kingdom',NULL)
INSERT INTO CODELIST_ITEMS VALUES(1,'UK',1.0E0,14)
INSERT INTO TRANSLATABLE VALUES(16)
INSERT INTO DECODE VALUES(16,NULL)
INSERT INTO TRANSLATED_TEXT VALUES(16,'en-GB','United State',NULL)
INSERT INTO CODELIST_ITEMS VALUES(2,'US',2.0E0,14)
INSERT INTO TRANSLATABLE VALUES(17)
INSERT INTO DECODE VALUES(17,NULL)
INSERT INTO TRANSLATED_TEXT VALUES(17,'en-GB','Belgium',NULL)
INSERT INTO CODELIST_ITEMS VALUES(3,'BE',3.0E0,14)
INSERT INTO TRANSLATABLE VALUES(18)
INSERT INTO DECODE VALUES(18,NULL)
INSERT INTO TRANSLATED_TEXT VALUES(18,'en-GB','France',NULL)
INSERT INTO CODELIST_ITEMS VALUES(4,'FR',4.0E0,14)
INSERT INTO TRANSLATABLE VALUES(19)
INSERT INTO DESCRIPTION VALUES(19,NULL)
INSERT INTO TRANSLATED_TEXT VALUES(19,'en-GB','Comment',NULL)
INSERT INTO TRANSLATABLE VALUES(20)
INSERT INTO QUESTIONS VALUES(20,NULL)
INSERT INTO TRANSLATED_TEXT VALUES(20,'en-GB','Additional information',NULL)
INSERT INTO CLINICAL_DEF VALUES(15,'Comment',1)
INSERT INTO ITEMS_DEF VALUES('test id5',4,NULL,'CRF','COM','COM',0,15,NULL)
INSERT INTO CLINICAL_REF VALUES(12,1,5)
INSERT INTO ITEMS_REF VALUES(5,'entry-field',12,15,13,NULL)
INSERT INTO TRANSLATABLE VALUES(21)
INSERT INTO DESCRIPTION VALUES(21,NULL)
INSERT INTO TRANSLATED_TEXT VALUES(21,'en-GB','Number of children',NULL)
INSERT INTO TRANSLATABLE VALUES(22)
INSERT INTO QUESTIONS VALUES(22,NULL)
INSERT INTO TRANSLATED_TEXT VALUES(22,'en-GB','Enter the number of children',NULL)
INSERT INTO CLINICAL_DEF VALUES(16,'NOC',1)
INSERT INTO ITEMS_DEF VALUES('test id4',1,NULL,'CRF','NOC','NOC',0,16,NULL)
INSERT INTO CLINICAL_REF VALUES(13,1,4)
INSERT INTO ITEMS_REF VALUES(4,'entry-field',13,16,13,NULL)
INSERT INTO TRANSLATABLE VALUES(23)
INSERT INTO DESCRIPTION VALUES(23,NULL)
INSERT INTO TRANSLATED_TEXT VALUES(23,'en-GB','Tall',NULL)
INSERT INTO TRANSLATABLE VALUES(24)
INSERT INTO QUESTIONS VALUES(24,NULL)
INSERT INTO TRANSLATED_TEXT VALUES(24,'en-GB','Enter the tall',NULL)
INSERT INTO CLINICAL_DEF VALUES(17,'Tall',1)
INSERT INTO ITEMS_DEF VALUES('test id3',6,NULL,'CRF','TALL','TALL',0,17,NULL)
INSERT INTO CLINICAL_REF VALUES(14,1,3)
INSERT INTO ITEMS_REF VALUES(3,'entry-field',14,17,13,NULL)
INSERT INTO TRANSLATABLE VALUES(25)
INSERT INTO DESCRIPTION VALUES(25,NULL)
INSERT INTO TRANSLATED_TEXT VALUES(25,'en-GB','DOB item def',NULL)
INSERT INTO TRANSLATABLE VALUES(26)
INSERT INTO QUESTIONS VALUES(26,NULL)
INSERT INTO TRANSLATED_TEXT VALUES(26,'en-GB','Enter a birth date',NULL)
INSERT INTO CLINICAL_DEF VALUES(18,'Date of birthdate',1)
INSERT INTO ITEMS_DEF VALUES('test id2',3,NULL,'CRF','DOB','DOB',0,18,NULL)
INSERT INTO CLINICAL_REF VALUES(15,1,2)
INSERT INTO ITEMS_REF VALUES(2,'entry-field',15,18,13,NULL)
INSERT INTO TRANSLATABLE VALUES(27)
INSERT INTO DESCRIPTION VALUES(27,NULL)
INSERT INTO TRANSLATED_TEXT VALUES(27,'en-GB','country item def',NULL)
INSERT INTO TRANSLATABLE VALUES(28)
INSERT INTO QUESTIONS VALUES(28,NULL)
INSERT INTO TRANSLATED_TEXT VALUES(28,'en-GB','Choose a country',NULL)
INSERT INTO CLINICAL_DEF VALUES(19,'country',1)
INSERT INTO ITEMS_DEF VALUES('test id1',4,NULL,'CRF','COUNTRY','COUNTRY',0,19,14)
INSERT INTO CLINICAL_REF VALUES(16,1,1)
INSERT INTO ITEMS_REF VALUES(1,'entry-field',16,19,13,NULL)
INSERT INTO TRANSLATABLE VALUES(29)
INSERT INTO DESCRIPTION VALUES(29,NULL)
INSERT INTO TRANSLATED_TEXT VALUES(29,'en-GB','Inform consent signed',NULL)
INSERT INTO TRANSLATABLE VALUES(30)
INSERT INTO QUESTIONS VALUES(30,NULL)
INSERT INTO TRANSLATED_TEXT VALUES(30,'en-GB','Please approve inform consent.',NULL)
INSERT INTO CLINICAL_DEF VALUES(20,'IC',1)
INSERT INTO ITEMS_DEF VALUES('test id6',2,NULL,'CRF','IC','IC',0,20,14)
INSERT INTO CLINICAL_REF VALUES(17,1,1)
INSERT INTO ITEMS_REF VALUES(1,'entry-field',17,20,13,NULL)
DELETE FROM DESCRIPTION WHERE TRANSLATABLE_ID=3
INSERT INTO DESCRIPTION VALUES(3,3)
DELETE FROM DESCRIPTION WHERE TRANSLATABLE_ID=4
INSERT INTO DESCRIPTION VALUES(4,4)
DELETE FROM DESCRIPTION WHERE TRANSLATABLE_ID=5
INSERT INTO DESCRIPTION VALUES(5,5)
DELETE FROM DESCRIPTION WHERE TRANSLATABLE_ID=6
INSERT INTO DESCRIPTION VALUES(6,6)
DELETE FROM DESCRIPTION WHERE TRANSLATABLE_ID=7
INSERT INTO DESCRIPTION VALUES(7,7)
DELETE FROM DESCRIPTION WHERE TRANSLATABLE_ID=8
INSERT INTO DESCRIPTION VALUES(8,8)
DELETE FROM DESCRIPTION WHERE TRANSLATABLE_ID=9
INSERT INTO DESCRIPTION VALUES(9,9)
DELETE FROM DESCRIPTION WHERE TRANSLATABLE_ID=10
INSERT INTO DESCRIPTION VALUES(10,10)
DELETE FROM DESCRIPTION WHERE TRANSLATABLE_ID=11
INSERT INTO DESCRIPTION VALUES(11,11)
DELETE FROM DESCRIPTION WHERE TRANSLATABLE_ID=12
INSERT INTO DESCRIPTION VALUES(12,12)
DELETE FROM DESCRIPTION WHERE TRANSLATABLE_ID=13
INSERT INTO DESCRIPTION VALUES(13,13)
DELETE FROM DESCRIPTION WHERE TRANSLATABLE_ID=14
INSERT INTO DESCRIPTION VALUES(14,14)
DELETE FROM DECODE WHERE TRANSLATABLE_ID=15
INSERT INTO DECODE VALUES(15,1)
DELETE FROM DECODE WHERE TRANSLATABLE_ID=16
INSERT INTO DECODE VALUES(16,2)
DELETE FROM DECODE WHERE TRANSLATABLE_ID=17
INSERT INTO DECODE VALUES(17,3)
DELETE FROM DECODE WHERE TRANSLATABLE_ID=18
INSERT INTO DECODE VALUES(18,4)
DELETE FROM DESCRIPTION WHERE TRANSLATABLE_ID=19
INSERT INTO DESCRIPTION VALUES(19,15)
DELETE FROM QUESTIONS WHERE TRANSLATABLE_ID=20
INSERT INTO QUESTIONS VALUES(20,15)
DELETE FROM DESCRIPTION WHERE TRANSLATABLE_ID=21
INSERT INTO DESCRIPTION VALUES(21,16)
DELETE FROM QUESTIONS WHERE TRANSLATABLE_ID=22
INSERT INTO QUESTIONS VALUES(22,16)
DELETE FROM DESCRIPTION WHERE TRANSLATABLE_ID=23
INSERT INTO DESCRIPTION VALUES(23,17)
DELETE FROM QUESTIONS WHERE TRANSLATABLE_ID=24
INSERT INTO QUESTIONS VALUES(24,17)
DELETE FROM DESCRIPTION WHERE TRANSLATABLE_ID=25
INSERT INTO DESCRIPTION VALUES(25,18)
DELETE FROM QUESTIONS WHERE TRANSLATABLE_ID=26
INSERT INTO QUESTIONS VALUES(26,18)
DELETE FROM DESCRIPTION WHERE TRANSLATABLE_ID=27
INSERT INTO DESCRIPTION VALUES(27,19)
DELETE FROM QUESTIONS WHERE TRANSLATABLE_ID=28
INSERT INTO QUESTIONS VALUES(28,19)
DELETE FROM DESCRIPTION WHERE TRANSLATABLE_ID=29
INSERT INTO DESCRIPTION VALUES(29,20)
DELETE FROM QUESTIONS WHERE TRANSLATABLE_ID=30
INSERT INTO QUESTIONS VALUES(30,20)
INSERT INTO CLINICAL_DATA VALUES(1,1,1)
INSERT INTO SUBJECT_DATA VALUES(1,'2013-08-16 12:10:10.260000000','PAT_0001',1,3,2)
INSERT INTO AUDIT_RECORD VALUES(1,'2013-08-16 12:10:10.260000000',3,1,NULL,1,'SUBJECT_CREATION','',2,1,1,2)
INSERT INTO SUBJECT_DATA_AUDIT VALUES(3,2,1,'PAT_0001',NULL,NULL,NULL,NULL,1)
INSERT INTO AUDIT_RECORD VALUES(2,'2013-08-16 12:10:10.281000000',3,1,1,2,'correct the patient number by adding the center reference','',2,1,1,2)
INSERT INTO SUBJECT_DATA_AUDIT VALUES(3,2,2,'PAT_SDLG_001',3,2,1,'PAT_0001',2)
DELETE FROM SUBJECT_DATA WHERE CLINICAL_DATA_ID=1
INSERT INTO SUBJECT_DATA VALUES(2,'2013-08-16 12:10:10.281000000','PAT_SDLG_001',1,3,2)
INSERT INTO SIGNATURES VALUES(1,'2013-08-16',1,1,2,1,3)
INSERT INTO AUDIT_RECORD VALUES(3,'2013-08-16 12:10:10.321000000',3,1,1,2,'change status to drop out','',2,1,1,2)
INSERT INTO SUBJECT_DATA_AUDIT VALUES(3,2,4,'PAT_SDLG_001',3,2,2,'PAT_SDLG_001',3)
INSERT INTO SIGNATURES VALUES(2,'2013-08-16',2,1,NULL,1,NULL)
DELETE FROM SUBJECT_DATA WHERE CLINICAL_DATA_ID=1
INSERT INTO SUBJECT_DATA VALUES(4,'2013-08-16 12:10:10.321000000','PAT_SDLG_001',1,3,2)
INSERT INTO CLINICAL_DATA VALUES(2,1,1)
INSERT INTO STUDYEVENTS_DATA VALUES('2013-08-16','1',2,3,1)
INSERT INTO AUDIT_RECORD VALUES(4,'2013-08-16 12:10:10.366000000',3,1,NULL,4,'STUDY_EVENT_DATA_CREATION','',2,2,1,2)
INSERT INTO STUDYEVENTS_DATA_AUDIT VALUES('2013-08-16','1',NULL,NULL,4)
INSERT INTO CLINICAL_DATA VALUES(3,1,1)
INSERT INTO STUDYEVENTS_DATA VALUES('2013-08-16','1',3,4,1)
INSERT INTO AUDIT_RECORD VALUES(5,'2013-08-16 12:10:10.375000000',3,1,NULL,4,'STUDY_EVENT_DATA_CREATION','',2,3,1,2)
INSERT INTO STUDYEVENTS_DATA_AUDIT VALUES('2013-08-16','1',NULL,NULL,5)
INSERT INTO AUDIT_RECORD VALUES(6,'2013-08-16 12:10:10.381000000',3,1,1,5,'UPDATE STUDYEVENT_KEY','',2,2,1,2)
INSERT INTO STUDYEVENTS_DATA_AUDIT VALUES('2013-08-16','1.1','2013-08-16','1',6)
DELETE FROM STUDYEVENTS_DATA WHERE CLINICAL_DATA_ID=2
INSERT INTO STUDYEVENTS_DATA VALUES('2013-08-16','1.1',2,3,1)
INSERT INTO CLINICAL_DATA VALUES(4,1,1)
INSERT INTO FORMS_DATA VALUES('1',1,'2013-08-16 12:10:10.396000000',4,10,2)
INSERT INTO AUDIT_RECORD VALUES(7,'2013-08-16 12:10:10.396000000',3,1,NULL,6,'FORM_DATA_CREATION','',2,4,1,2)
INSERT INTO FORMS_DATA_AUDIT VALUES('1',1,NULL,NULL,7)
INSERT INTO CLINICAL_DATA VALUES(5,1,1)
INSERT INTO ITEMGROUPS_DATA VALUES('1',1,'2013-08-16 12:10:10.396000000',5,4,13)
INSERT INTO AUDIT_RECORD VALUES(8,'2013-08-16 12:10:10.396000000',3,1,NULL,6,'FORM_DATA_CREATION','',2,5,1,2)
INSERT INTO ITEMGROUPS_DATA_AUDIT VALUES('1',1,NULL,NULL,8)
INSERT INTO CLINICAL_DATA VALUES(6,1,1)
INSERT INTO ITEMS_DATA VALUES('',0,1,'2013-08-16 12:10:10.396000000','3',6,16,5)
INSERT INTO AUDIT_RECORD VALUES(9,'2013-08-16 12:10:10.396000000',3,1,NULL,6,'FORM_DATA_CREATION','',2,6,1,2)
INSERT INTO ITEMS_DATA_AUDIT VALUES('',0,1,'3',NULL,NULL,NULL,NULL,9)
INSERT INTO CLINICAL_DATA VALUES(7,1,1)
INSERT INTO ITEMS_DATA VALUES('BE',0,1,'2013-08-16 12:10:10.396000000','Belgium',7,19,5)
INSERT INTO AUDIT_RECORD VALUES(10,'2013-08-16 12:10:10.396000000',3,1,NULL,6,'FORM_DATA_CREATION','',2,7,1,2)
INSERT INTO ITEMS_DATA_AUDIT VALUES('BE',0,1,'Belgium',NULL,NULL,NULL,NULL,10)
INSERT INTO CLINICAL_DATA VALUES(8,1,1)
INSERT INTO ITEMS_DATA VALUES('',0,1,'2013-08-16 12:10:10.396000000','18MAY1974',8,18,5)
INSERT INTO AUDIT_RECORD VALUES(11,'2013-08-16 12:10:10.396000000',3,1,NULL,6,'FORM_DATA_CREATION','',2,8,1,2)
INSERT INTO ITEMS_DATA_AUDIT VALUES('',0,1,'18MAY1974',NULL,NULL,NULL,NULL,11)
INSERT INTO CLINICAL_DATA VALUES(9,1,1)
INSERT INTO ITEMS_DATA VALUES('',0,1,'2013-08-16 12:10:10.396000000','40.34',9,17,5)
INSERT INTO AUDIT_RECORD VALUES(12,'2013-08-16 12:10:10.396000000',3,1,NULL,6,'FORM_DATA_CREATION','',2,9,1,2)
INSERT INTO ITEMS_DATA_AUDIT VALUES('',0,1,'40.34',NULL,NULL,NULL,NULL,12)
INSERT INTO CLINICAL_DATA VALUES(10,1,1)
INSERT INTO ITEMS_DATA VALUES('',0,1,'2013-08-16 12:10:10.396000000','no specific comment',10,15,5)
INSERT INTO AUDIT_RECORD VALUES(13,'2013-08-16 12:10:10.396000000',3,1,NULL,6,'FORM_DATA_CREATION','',2,10,1,2)
INSERT INTO ITEMS_DATA_AUDIT VALUES('',0,1,'no specific comment',NULL,NULL,NULL,NULL,13)
INSERT INTO CLINICAL_DATA VALUES(11,NULL,NULL)
INSERT INTO ITEMGROUPS_DATA VALUES('1',NULL,NULL,11,NULL,12)
INSERT INTO CLINICAL_DATA VALUES(12,NULL,NULL)
INSERT INTO ITEMS_DATA VALUES('',0,NULL,NULL,'1',12,20,11)
INSERT INTO CLINICAL_DATA VALUES(13,1,1)
INSERT INTO FORMS_DATA VALUES('1',1,'2013-08-16 12:10:10.505000000',13,11,3)
INSERT INTO AUDIT_RECORD VALUES(14,'2013-08-16 12:10:10.505000000',3,1,NULL,6,'FORM_DATA_CREATION','',2,13,1,2)
INSERT INTO FORMS_DATA_AUDIT VALUES('1',1,NULL,NULL,14)
INSERT INTO AUDIT_RECORD VALUES(15,'2013-08-16 12:10:10.505000000',3,1,NULL,6,'FORM_DATA_CREATION','',2,11,1,2)
INSERT INTO ITEMGROUPS_DATA_AUDIT VALUES('1',1,NULL,NULL,15)
INSERT INTO AUDIT_RECORD VALUES(16,'2013-08-16 12:10:10.505000000',3,1,NULL,6,'FORM_DATA_CREATION','',2,12,1,2)
INSERT INTO ITEMS_DATA_AUDIT VALUES('',0,1,'1',NULL,NULL,NULL,NULL,16)
DELETE FROM CLINICAL_DATA WHERE CLINICAL_DATA_ID=11
INSERT INTO CLINICAL_DATA VALUES(11,1,1)
DELETE FROM ITEMGROUPS_DATA WHERE CLINICAL_DATA_ID=11
INSERT INTO ITEMGROUPS_DATA VALUES('1',1,'2013-08-16 12:10:10.505000000',11,13,12)
DELETE FROM CLINICAL_DATA WHERE CLINICAL_DATA_ID=12
INSERT INTO CLINICAL_DATA VALUES(12,1,1)
DELETE FROM ITEMS_DATA WHERE CLINICAL_DATA_ID=12
INSERT INTO ITEMS_DATA VALUES('',0,1,'2013-08-16 12:10:10.505000000','1',12,20,11)
COMMIT
SET AUTOCOMMIT TRUE
DISCONNECT
/*C25*/SET SCHEMA PUBLIC
CONNECT USER SA
alter table ADMIN_DATA drop constraint FK47A93ABAEB6DFD1F
alter table ALIASES drop constraint FKF448DADE4251715
alter table ANNOTATIONS drop constraint FK47010F0419D08F94
alter table AUDIT_RECORD drop constraint FKD63C21556E568292
alter table AUDIT_RECORD drop constraint FKD63C21556CACFEEA
alter table AUDIT_RECORD drop constraint FKD63C215519D08F94
alter table AUTHORITIES drop constraint FKAB62A7016BEAA675
alter table CHECK_VALUE drop constraint FKF94D9B3AC1880A24
alter table CLINICAL_DATA drop constraint FK5919D56EB6DFD1F
alter table CLINICAL_DEF drop constraint FKF7EBECB9E5EA61BF
alter table CODELIST drop constraint FKFAF4900BE26AE542
alter table CODELIST_ITEMS drop constraint FK61756E6C7789A589
alter table CONDITIONS_DEF drop constraint FK67DA3DDEE26AE542
alter table CONDITIONS_DEF drop constraint FK67DA3DDE5B5A7CE3
alter table DECODE drop constraint FK77F585EE5F8C92C3
alter table DECODE drop constraint FK77F585EE92C076EB
alter table DESCRIPTION drop constraint FK198917DC4251715
alter table DESCRIPTION drop constraint FK198917DC92C076EB
alter table ERROR_MESSAGES drop constraint FK83FEDC392C076EB
alter table ERROR_MESSAGES drop constraint FK83FEDC3C1880A24
alter table FORMAL_EXPR drop constraint FKCB599C4541D04C7
alter table FORMAL_EXPR drop constraint FKCB599C45C1880A24
alter table FORMS_DATA drop constraint FK4F903DDABB9359F3
alter table FORMS_DATA drop constraint FK4F903DDA64E460D2
alter table FORMS_DATA drop constraint FK4F903DDAB514C6F4
alter table FORMS_DATA_AUDIT drop constraint FKF194F91676C4FB80
alter table FORMS_DEF drop constraint FK13152BB5E26AE542
alter table FORMS_REF drop constraint FK13156043BB9359F3
alter table FORMS_REF drop constraint FK13156043FA4EF282
alter table FORMS_REF drop constraint FK1315604321CF7F39
alter table ITEMGROUPS_DATA drop constraint FK3ADC4A4264E460D2
alter table ITEMGROUPS_DATA drop constraint FK3ADC4A429D8F3345
alter table ITEMGROUPS_DATA drop constraint FK3ADC4A4283EB8834
alter table ITEMGROUPS_DATA_AUDIT drop constraint FK7C30177E76C4FB80
alter table ITEMGROUPS_DEF drop constraint FKF161F24DE26AE542
alter table ITEMGROUPS_REF drop constraint FKF16226DBBB9359F3
alter table ITEMGROUPS_REF drop constraint FKF16226DBFA4EF282
alter table ITEMGROUPS_REF drop constraint FKF16226DB9D8F3345
alter table ITEMS_DATA drop constraint FKCB5374E97D690D12
alter table ITEMS_DATA drop constraint FKCB5374E964E460D2
alter table ITEMS_DATA drop constraint FKCB5374E93D840E95
alter table ITEMS_DATA_AUDIT drop constraint FKDF5068E576C4FB80
alter table ITEMS_DEF drop constraint FK279756C6E26AE542
alter table ITEMS_DEF drop constraint FK279756C67789A589
alter table ITEMS_REF drop constraint FK27978B547D82A3FF
alter table ITEMS_REF drop constraint FK27978B54FA4EF282
alter table ITEMS_REF drop constraint FK27978B549D8F3345
alter table ITEMS_REF drop constraint FK27978B543D840E95
alter table MEASUREMENT_UNITS drop constraint FKFEB20CEC3D840E95
alter table MEASUREMENT_UNITS drop constraint FKFEB20CECC1880A24
alter table METADATAVERSIONS drop constraint FK1C1D3ACAEB6DFD1F
alter table METADATAVERSION_REFS drop constraint FK2DE32164484D5C3
alter table METADATAVERSION_REFS drop constraint FK2DE3216E5EA61BF
alter table PROTOCOL drop constraint FKF3B07E98E26AE542
alter table PROTOCOL drop constraint FKF3B07E98E5EA61BF
alter table QUESTIONS drop constraint FK3BDD512D3D840E95
alter table QUESTIONS drop constraint FK3BDD512D92C076EB
alter table RANGE_CHECKS drop constraint FKE9E061CD3D840E95
alter table SIGNATURES drop constraint FKDC9F6ABB6E568292
alter table SIGNATURES drop constraint FKDC9F6ABB6CACFEEA
alter table SIGNATURES drop constraint FKDC9F6ABB5096276C
alter table SIGNATURES drop constraint FKDC9F6ABB19D08F94
alter table SIGNATURES_DEF drop constraint FK5551CC6121C07348
alter table SNT_GRANTS drop constraint FK95C68C7D70C996DA
alter table STUDYEVENTS_DATA drop constraint FK626409C764E460D2
alter table STUDYEVENTS_DATA drop constraint FK626409C76DC8F0F2
alter table STUDYEVENTS_DATA drop constraint FK626409C721CF7F39
alter table STUDYEVENTS_DATA_AUDIT drop constraint FKE4495F4376C4FB80
alter table STUDYEVENTS_DEF drop constraint FK97D1AE28E26AE542
alter table STUDYEVENTS_REF drop constraint FK97D1E2B6ED035483
alter table STUDYEVENTS_REF drop constraint FK97D1E2B6FA4EF282
alter table STUDYEVENTS_REF drop constraint FK97D1E2B621CF7F39
alter table STUDY_EVENT_PRED drop constraint FK3EB3A11C7904E507
alter table STUDY_USERS drop constraint FK4BC36BD221C07348
alter table STUDY_USERS drop constraint FK4BC36BD26BEAA675
alter table SUBJECT_DATA drop constraint FK31E386FD5657BBF4
alter table SUBJECT_DATA drop constraint FK31E386FD64E460D2
alter table SUBJECT_DATA drop constraint FK31E386FDFFD16918
alter table SUBJECT_DATA_AUDIT drop constraint FK6C079BF976C4FB80
alter table SYMBOLS drop constraint FKC2E0C9BB7892FA3
alter table SYMBOLS drop constraint FKC2E0C9BB92C076EB
alter table TRANSLATED_TEXT drop constraint FKFF1E66F68862F5DD
alter table tblCMLNKPtoO drop constraint FKD5653BC521C07348
alter table tblCMLNKPtoO drop constraint FKD5653BC53EFEE361
alter table tblTMlnkPtoP drop constraint FK831606F74E02F8F8
alter table tblTMlnkPtoP drop constraint FK831606F7C68976CC
drop table ADMIN_DATA if exists
drop table ALIASES if exists
drop table ANNOTATIONS if exists
drop table AUDIT_RECORD if exists
drop table AUTHORITIES if exists
drop table CHECK_VALUE if exists
drop table CLINICAL_DATA if exists
drop table CLINICAL_DEF if exists
drop table CLINICAL_REF if exists
drop table CODELIST if exists
drop table CODELIST_ITEMS if exists
drop table CONDITIONS_DEF if exists
drop table DB_USERS if exists
drop table DECODE if exists
drop table DESCRIPTION if exists
drop table ERROR_MESSAGES if exists
drop table FORMAL_EXPR if exists
drop table FORMS_DATA if exists
drop table FORMS_DATA_AUDIT if exists
drop table FORMS_DEF if exists
drop table FORMS_REF if exists
drop table ITEMGROUPS_DATA if exists
drop table ITEMGROUPS_DATA_AUDIT if exists
drop table ITEMGROUPS_DEF if exists
drop table ITEMGROUPS_REF if exists
drop table ITEMS_DATA if exists
drop table ITEMS_DATA_AUDIT if exists
drop table ITEMS_DEF if exists
drop table ITEMS_REF if exists
drop table LOCATIONS if exists
drop table MEASUREMENT_UNITS if exists
drop table METADATAVERSIONS if exists
drop table METADATAVERSION_REFS if exists
drop table PROTOCOL if exists
drop table QUESTIONS if exists
drop table RANGE_CHECKS if exists
drop table SIGNATURES if exists
drop table SIGNATURES_DEF if exists
drop table SNT_GRANTS if exists
drop table STUDIES if exists
drop table STUDYEVENTS_DATA if exists
drop table STUDYEVENTS_DATA_AUDIT if exists
drop table STUDYEVENTS_DEF if exists
drop table STUDYEVENTS_REF if exists
drop table STUDY_EVENT_PRED if exists
drop table STUDY_USERS if exists
drop table SUBJECT_DATA if exists
drop table SUBJECT_DATA_AUDIT if exists
drop table SYMBOLS if exists
drop table TRANSLATABLE if exists
drop table TRANSLATED_TEXT if exists
drop table tblCMLNKPtoO if exists
drop table tblTMlnkPtoP if exists
DISCONNECT
